// Vitest Snapshot v1, https://vitest.dev/guide/snapshot.html

exports[`syntax > parse program 1`] = `
{
  "command": {
    "commands": [
      {
        "alias": "up",
        "description": "an sub command.",
        "flags": [
          "stopEarly",
        ],
        "name": "upgrade",
        "options": [
          {
            "alias": "s",
            "description": "sub command option.",
            "name": "string",
            "type": "string",
          },
          {
            "alias": "",
            "description": "other option.",
            "name": "small",
            "type": "bool",
          },
        ],
        "parameters": [
          {
            "handleRestAll": false,
            "name": "dir",
            "required": true,
            "type": "test",
          },
          {
            "handleRestAll": true,
            "name": "other",
            "type": undefined,
          },
        ],
      },
    ],
    "description": "A library for create command line interface quickly.",
    "flags": [],
    "name": "xx",
    "options": [
      {
        "alias": "t",
        "description": "Test autocompletion.",
        "name": "test",
        "type": "test",
      },
      {
        "alias": "lo",
        "description": "Long option name",
        "name": "lang-option",
        "type": "string",
      },
      {
        "alias": "b",
        "description": "Omit type",
        "name": "bool",
        "type": undefined,
      },
    ],
    "parameters": [
      {
        "handleRestAll": false,
        "name": "name-name",
        "type": "type",
      },
    ],
  },
  "flags": [
    "help",
    "autocompletion",
  ],
  "version": "v1.0.0",
}
`;
