// Vitest Snapshot v1, https://vitest.dev/guide/snapshot.html

exports[`test help message > should print main help message 1`] = `
[
  "[1m[36mxx/v1.0.0[39m[22m A library for create command line interface quickly.

[1mUsage: xx <command> [...flags] [...args][22m

[1mCommands:[22m

up/upgrade      an sub command.                 
completion      Generate autocompletion for zsh.

[1mOptions:[22m

--test -t      Test autocompletion.        
--help -h      Print help text for command.
",
]
`;

exports[`test help message > should print sub command help message 1`] = `
[
  "[1m[36mup/upgrade/v1.0.0[39m[22m an sub command.

[1mUsage: up/upgrade  [...flags] [...args][22m

[1mOptions:[22m

--string -s      sub command option.
--small          other option.      
",
]
`;
