// Vitest Snapshot v1, https://vitest.dev/guide/snapshot.html

exports[`test help message > should print main help message 1`] = `
[
  "xx/v1.0.0 A library for create command line interface quickly.

Usage: xx <command> [...options] [@type:type]

Commands:

upgrade(up)  <@test:dir> [...other]  an sub command.                 
completion   [type]                  Generate autocompletion for zsh.

Options:

-t --test  @test:t1  Test autocompletion.        
-h --help  @bool     Print help text for command.
",
]
`;

exports[`test help message > should print sub command help message 1`] = `
[
  "upgrade(up)/v1.0.0 an sub command.

Usage: xx upgrade(up)  [...options] <@test:dir> [...other]

Options:

-s --string  @string:default  sub command option.
   --small   @bool            other option.      
",
]
`;
