// Vitest Snapshot v1, https://vitest.dev/guide/snapshot.html

exports[`silver > should parse cli description 1`] = `
{
  "actions": Map {
    "__#0#__" => [MockFunction spy],
    "completion" => [Function],
  },
  "command": {
    "action": "__#0#__",
    "commands": [
      {
        "action": "__#0#__",
        "alias": "up",
        "description": "an sub command. ",
        "flags": [
          "stopEarly",
        ],
        "name": "upgrade",
        "options": [
          {
            "alias": "s",
            "defaultValue": "default",
            "description": "sub command option.",
            "name": "string",
            "type": "string",
          },
          {
            "alias": "",
            "defaultValue": "true",
            "description": "other option.",
            "name": "small",
            "type": "bool",
          },
        ],
        "parameters": [
          {
            "defaultValue": undefined,
            "handleRestAll": false,
            "name": "dir",
            "required": true,
            "type": undefined,
          },
          {
            "defaultValue": undefined,
            "handleRestAll": true,
            "name": "other",
            "type": undefined,
          },
        ],
        "parent": [Circular],
      },
      {
        "action": "completion",
        "commands": [],
        "description": "Generate autocompletion for zsh.",
        "flags": [],
        "name": "completion",
        "options": [
          {
            "alias": "",
            "defaultValue": undefined,
            "description": "Install autocompletion for zsh, not implement yet.",
            "name": "install",
            "type": undefined,
          },
          {
            "alias": "",
            "defaultValue": undefined,
            "description": "Uninstall autocompletion for zsh, not implement yet.",
            "name": "uninstall",
            "type": undefined,
          },
        ],
        "parameters": [
          {
            "defaultValue": undefined,
            "handleRestAll": false,
            "name": "type",
            "type": undefined,
          },
        ],
        "parent": [Circular],
      },
    ],
    "description": "A library for create command line interface quickly. ",
    "flags": [],
    "name": "commandName",
    "options": [
      {
        "alias": "s",
        "defaultValue": "cool",
        "description": "An string option with default value.",
        "name": "string",
        "type": "string",
      },
      {
        "alias": "n",
        "defaultValue": "123",
        "description": "an number option with default value, and it's a global option.",
        "name": "number",
        "type": "number",
      },
      {
        "alias": "e",
        "defaultValue": "a2",
        "description": "an custom option with default value.",
        "name": "enum",
        "type": "custom",
      },
      {
        "alias": "b",
        "defaultValue": undefined,
        "description": "an boolean option without default value.",
        "name": "bool",
        "type": "bool",
      },
      {
        "alias": "o",
        "defaultValue": undefined,
        "description": "an option without specify a type will be a string.",
        "name": "other",
        "type": undefined,
      },
      {
        "alias": "h",
        "description": "Print help text for command.",
        "name": "help",
        "type": "bool",
      },
    ],
    "parameters": [
      {
        "defaultValue": undefined,
        "handleRestAll": false,
        "name": "dir",
        "type": undefined,
      },
    ],
  },
  "flags": [
    "manual",
    "autocompletion",
  ],
  "version": undefined,
}
`;
